     1                  ;********* Ustawienie TIMERów i bindy *********
     2        0097      LED EQU P1.7
     3                  
     4                  ;TIMER 0
     5        0000      T0_G EQU 0 ;GATE
     6        0000      T0_C EQU 0 ;COUNTER/-TIMER
     7        0001      T0_M EQU 1 ;MODE (0..3)
     8        0001      TIM0 EQU T0_M+T0_C*4+T0_G*8
     9                  
    10                  ;TIMER 1
    11        0000      T1_G EQU 0 ;GATE
    12        0000      T1_C EQU 0 ;COUNTER/-TIMER
    13        0001      T1_M EQU 1 ;MODE (0..3)
    14        0001      TIM1 EQU T1_M+T1_C*4+T1_G*8
    15                  
    16        0011      TMOD_SET EQU TIM0+TIM1*16
    17                  
    18                  ;50[ms] = 50 000[ŠS]*(11.0592[MHz]/12) =
    19                  ; = 46 080 cykli = 180 * 256
    20        004C      TH0_SET EQU 256-180
    21        0000      TL0_SET EQU 0
    22                  
    23        0000      TH1_SET EQU 0
    24        0000      TL1_SET EQU 0
    25                  ;***********************************************
    26                  
    27  0000: 02 01 00      LJMP START
    28  0100:               ORG 100H
    29  0100:           START:
    30  0100: 12 01 83      LCALL WPROWADZ_CZAS
    31  0103: 12 01 C1      LCALL WPROWADZ_CZAS2
    32  0106: 75 89 11      MOV TMOD,#TMOD_SET ;Timer 0 liczy czas
    33  0109: 75 8C 4C      MOV TH0,#TH0_SET ;Timer 0 na 50ms
    34  010C: 75 8A 00      MOV TL0,#TL0_SET
    35  010F: D2 8C         SETB TR0 ;start Timera
    36  0111:           LOOP:                ;Pętla mrugania diody TEST
    37  0111: 12 01 60      LCALL USTAW_LCD
    38  0114: 12 01 43      LCALL SPRWADZ_SEC
    39  0117: 12 01 4D      LCALL SPRWADZ_MIN
    40  011A: 12 01 57      LCALL SPRWADZ_GODZ
    41  011D: B2 97         CPL LED
    42  011F: 7F 14         MOV R7,#20       ;odczekaj czas 20*50ms=1s
    43  0121:           TIME_N50:
    44  0121: 30 8D FD      JNB TF0,$        ;czekaj, aż Timer 0
    45                                       ;odliczy 50ms
    46  0124: 75 8C 4C      MOV TH0,#TH0_SET ;TH0 na 50ms
    47  0127: C2 8D         CLR TF0          ;zerowanie flagi timera 0
    48  0129: DF F6         DJNZ R7,TIME_N50 ;odczekanie N*50ms
    49  012B: 0A            INC R2
    50                  
    51  012C: E8            MOV A, R0
    52  012D: C3            CLR C
    53  012E: 9B            SUBB A, R3
    54  012F: B4 00 DF      CJNE A,#0, LOOP
    55  0132: E9            MOV A, R1
    56  0133: C3            CLR C
    57  0134: 9C            SUBB A, R4
    58  0135: B4 00 D9      CJNE A,#0, LOOP
    59  0138: ED            MOV A, R5
    60  0139: C3            CLR C
    61  013A: 9D            SUBB A, R5
    62  013B: B4 00 D3      CJNE A,#0, LOOP
    63  013E: B2 97         CPL LED
    64  0140:           LOOP2:
    65  0140: 80 FE         SJMP LOOP2
    66  0142: 00            NOP
    67  0143:           SPRWADZ_SEC:
    68  0143: EA            MOV A, R2
    69  0144: C3            CLR C
    70  0145: 94 3B         SUBB A, #59
    71  0147: 40 03         JC WYJDZ
    72  0149: 7A 00         MOV R2, #0
    73  014B: 09            INC R1
    74  014C:           WYJDZ:
    75  014C: 22            RET
    76                  
    77  014D:           SPRWADZ_MIN:
    78  014D: E9            MOV A, R1
    79  014E: C3            CLR C
    80  014F: 94 3C         SUBB A, #60
    81  0151: 40 03         JC WYJDZ2
    82  0153: 79 00         MOV R1, #0
    83  0155: 08            INC R0
    84  0156:           WYJDZ2:
    85  0156: 22            RET
    86                  
    87  0157:           SPRWADZ_GODZ:
    88  0157: E8            MOV A, R0
    89  0158: C3            CLR C
    90  0159: 94 18         SUBB A, #24
    91  015B: 40 02         JC WYJDZ3
    92  015D: 78 00         MOV R0, #0
    93  015F:           WYJDZ3:
    94  015F: 22            RET
    95                  
    96  0160:           USTAW_LCD:
    97  0160: 12 81 0C      LCALL LCD_CLR
    98  0163: E8            MOV A,R0
    99  0164: 12 02 0C      LCALL BCD
   100  0167: 12 81 04      LCALL WRITE_HEX
   101  016A: 74 3A         MOV A,#':'
   102  016C: 12 81 02      LCALL WRITE_DATA
   103  016F: E9            MOV A,R1
   104  0170: 12 02 0C      LCALL BCD
   105  0173: 12 81 04      LCALL WRITE_HEX
   106  0176: 74 3A         MOV A,#':'
   107  0178: 12 81 02      LCALL WRITE_DATA
   108  017B: EA            MOV A,R2
   109  017C: 12 02 0C      LCALL BCD
   110  017F: 12 81 04      LCALL WRITE_HEX
   111  0182: 22            RET
   112  0183:           WPROWADZ_CZAS:
   113  0183: 12 81 0C      LCALL LCD_CLR 
   114  0186: 12 01 FF      LCALL WPROWADZ
   115  0189: F8            MOV R0, A
   116  018A: C3            CLR C
   117  018B: 94 19         SUBB A, #25
   118  018D: 50 F4         JNC WPROWADZ_CZAS
   119  018F: E8            MOV A, R0
   120  0190: 12 02 0C      LCALL BCD
   121  0193: 12 81 04      LCALL WRITE_HEX
   122  0196: 74 3A         MOV A,#':'
   123  0198: 12 81 02      LCALL WRITE_DATA
   124  019B:           WPROWADZ_MINUTY:
   125  019B: 12 01 FF      LCALL WPROWADZ
   126  019E: F9            MOV R1, A
   127  019F: C3            CLR C
   128  01A0: 94 3D         SUBB A, #61
   129  01A2: 50 F7         JNC WPROWADZ_MINUTY
   130  01A4: E9            MOV A, R1
   131  01A5: 12 02 0C      LCALL BCD
   132  01A8: 12 81 04      LCALL WRITE_HEX
   133  01AB: 74 3A         MOV A,#':'
   134  01AD: 12 81 02      LCALL WRITE_DATA
   135  01B0:           WPROWADZ_SEC:
   136  01B0: 12 01 FF      LCALL WPROWADZ
   137  01B3: FA            MOV R2, A
   138  01B4: C3            CLR C
   139  01B5: 94 3D         SUBB A, #61
   140  01B7: 50 F7         JNC WPROWADZ_SEC
   141  01B9: EA            MOV A, R2
   142  01BA: 12 02 0C      LCALL BCD
   143  01BD: 12 81 04      LCALL WRITE_HEX
   144  01C0: 22            RET
   145                  
   146  01C1:           WPROWADZ_CZAS2:
   147  01C1: 12 81 0C      LCALL LCD_CLR 
   148  01C4: 12 01 FF      LCALL WPROWADZ
   149  01C7: FB            MOV R3, A
   150  01C8: C3            CLR C
   151  01C9: 94 19         SUBB A, #25
   152  01CB: 50 F4         JNC WPROWADZ_CZAS2
   153  01CD: EB            MOV A, R3
   154  01CE: 12 02 0C      LCALL BCD
   155  01D1: 12 81 04      LCALL WRITE_HEX
   156  01D4: 74 3A         MOV A,#':'
   157  01D6: 12 81 02      LCALL WRITE_DATA
   158  01D9:           WPROWADZ_MINUTY2:
   159  01D9: 12 01 FF      LCALL WPROWADZ
   160  01DC: FC            MOV R4, A
   161  01DD: C3            CLR C
   162  01DE: 94 3D         SUBB A, #61
   163  01E0: 50 F7         JNC WPROWADZ_MINUTY2
   164  01E2: EC            MOV A, R4
   165  01E3: 12 02 0C      LCALL BCD
   166  01E6: 12 81 04      LCALL WRITE_HEX
   167  01E9: 74 3A         MOV A,#':'
   168  01EB: 12 81 02      LCALL WRITE_DATA
   169  01EE:           WPROWADZ_SEC2:
   170  01EE: 12 01 FF      LCALL WPROWADZ
   171  01F1: FD            MOV R5, A
   172  01F2: C3            CLR C
   173  01F3: 94 3D         SUBB A, #61
   174  01F5: 50 F7         JNC WPROWADZ_SEC2
   175  01F7: ED            MOV A, R5
   176  01F8: 12 02 0C      LCALL BCD
   177  01FB: 12 81 04      LCALL WRITE_HEX
   178  01FE: 22            RET
   179                  
   180  01FF:           WPROWADZ:
   181  01FF: 12 81 1C      LCALL WAIT_KEY ; Wczytaj liczbę dziesiątek
   182  0202: 75 F0 0A      MOV B,#10 ; pomnóż
   183  0205: A4            MUL AB ; przez 10
   184  0206: FD            MOV R5,A ; zapisz liczbę w R1
   185  0207: 12 81 1C      LCALL WAIT_KEY ;wczytaj liczbę jedności
   186  020A: 2D            ADD A,R5 ; dodaj liczbę jedności do R1
   187  020B: 22            RET ; wyjdź z podprogramu. Wynik w A.
   188  020C:           BCD:
   189  020C: 75 F0 0A      MOV B,#10
   190  020F: 84            DIV AB
   191  0210: C4            SWAP A
   192  0211: 25 F0         ADD A,B
   193  0213: 22            RET
   194  0214:           CHUJ_DO_EMULACJI:
   195  0214: 75 F0 0A      MOV B,#10
   196  0217: 84            DIV AB
   197  0218: C4            SWAP A
   198  0219: 25 F0         ADD A,B
   199  021B: 22            RET
   200                  
